android-tools
archlinuxcn-keyring
archlinuxcn-mirrorlist-git
aria2
aspnet-runtime-5.0-bin
atool
autoconf
automake
bat
besttrace
bind
binutils
bison
boringssl-git
bottom
bridge-utils
ccache
clang
cloc
cmake
dbus-x11
dconf
docker
dotnet-runtime-5.0-bin
doxygen
duf
dust
eslint
evtest
fakeroot
fd
ffmpeg
flake8
flex
fq
fzf
gawk
gcc
gdb
gdu
genie-systemd
gettext
git
git-delta
git-lfs
glew
go
graphicsmagick
grep
groff
gzip
hexyl
highlight
hspell
hunspell
imagemagick
inetutils
intel-media-driver
intel-media-sdk
iproute2
iputils
jq
keychain
lib32-zlib
libcaca
libev
libstdc++-doc
libtool
libva-utils
libvoikko
libxrandr
libxss
llvm
lsb-release
lsd
lshw
lsof
m4
make
man-pages
man-pages-zh_cn
manjaro-release
mariadb
mariadb-clients
mediainfo
moreutils
mosh
mycli
namcap
nano
nasm
ncdu
ncurses5-compat-libs
neofetch
neovim
net-tools
nodejs
npm
nuspell
openbsd-netcat
openssh
pacman
patch
pkgconf
pkgfile
plantuml
procs
psmisc
pv
python-pip
qt5-base
qt5-x11extras
ranger
ripgrep
sed
shellcheck
strace
sudo
systemd
tcpdump
termshark
texinfo
tidy
tig
tmux
traceroute
trash-cli
tree
unrar
unzip
valgrind
vmaf
wget
which
wtf
xcape
xdotool
xscreensaver
yaourt
yapf
yarn
yasm
zip
zsh
